../Core/Src/main.c:85:5:main	8	static
../Core/Src/main.c:149:6:SystemClock_Config	88	static
../Core/Src/main.c:195:13:MX_ETH_Init	8	static
../Core/Src/main.c:244:13:MX_TIM1_Init	96	static
../Core/Src/main.c:331:13:MX_UART4_Init	8	static
../Core/Src/main.c:364:13:MX_UART5_Init	8	static
../Core/Src/main.c:397:13:MX_USART3_UART_Init	8	static
../Core/Src/main.c:430:13:MX_USB_OTG_FS_PCD_Init	8	static
../Core/Src/main.c:465:13:MX_GPIO_Init	56	static
../Core/Src/main.c:517:6:HAL_TIM_PeriodElapsedCallback	16	static
../Core/Src/main.c:527:6:Error_Handler	4	static,ignoring_inline_asm
