../Core/Src/main.c:85:5:main	8	static
../Core/Src/main.c:144:6:SystemClock_Config	88	static
../Core/Src/main.c:190:13:MX_ETH_Init	8	static
../Core/Src/main.c:239:13:MX_TIM1_Init	96	static
../Core/Src/main.c:326:13:MX_UART4_Init	8	static
../Core/Src/main.c:359:13:MX_UART5_Init	8	static
../Core/Src/main.c:392:13:MX_USART3_UART_Init	8	static
../Core/Src/main.c:425:13:MX_USB_OTG_FS_PCD_Init	8	static
../Core/Src/main.c:460:13:MX_GPIO_Init	56	static
../Core/Src/main.c:512:6:HAL_TIM_PeriodElapsedCallback	16	static
../Core/Src/main.c:522:6:Error_Handler	4	static,ignoring_inline_asm
