../Core/Src/stm32f4xx_hal_msp.c:65:6:HAL_MspInit	8	static
../Core/Src/stm32f4xx_hal_msp.c:87:6:HAL_ETH_MspInit	72	static
../Core/Src/stm32f4xx_hal_msp.c:154:6:HAL_ETH_MspDeInit	8	static
../Core/Src/stm32f4xx_hal_msp.c:196:6:HAL_TIM_Base_MspInit	16	static
../Core/Src/stm32f4xx_hal_msp.c:217:6:HAL_TIM_MspPostInit	32	static
../Core/Src/stm32f4xx_hal_msp.c:252:6:HAL_TIM_Base_MspDeInit	8	static
../Core/Src/stm32f4xx_hal_msp.c:278:6:HAL_UART_MspInit	80	static
../Core/Src/stm32f4xx_hal_msp.c:387:6:HAL_UART_MspDeInit	8	static
../Core/Src/stm32f4xx_hal_msp.c:462:6:HAL_PCD_MspInit	48	static
../Core/Src/stm32f4xx_hal_msp.c:506:6:HAL_PCD_MspDeInit	0	static
